
  [1;33mWarning number 8[0m
  [36m/.../fixtures/non_exhaustive_variant.res[0m:[2m6:3-8:3[0m

  4 [2m│[0m // witness printer.
  5 [2m│[0m let f = x =>
  [1;33m6[0m [2m│[0m   [1;33mswitch x {[0m
  [1;33m7[0m [2m│[0m [1;33m  | A => 0[0m
  [1;33m8[0m [2m│[0m [1;33m  }[0m
  9 [2m│[0m 

  You forgot to handle a possible case here, for example: 
  | B(_) | D(_, _)