
  [1;33mWarning number 8[0m
  [36m/.../fixtures/non_exhaustive_list.res[0m:[2m4:3-6:3[0m

  2 [2m│[0m // printer (pretty_car / pretty_cdr) in parmatch.ml.
  3 [2m│[0m let f = (x: list<int>) =>
  [1;33m4[0m [2m│[0m   [1;33mswitch x {[0m
  [1;33m5[0m [2m│[0m [1;33m  | list{} => 0[0m
  [1;33m6[0m [2m│[0m [1;33m  }[0m
  7 [2m│[0m 

  You forgot to handle a possible case here, for example: 
  | list{_, ..._}